Input #0, mov,mp4,m4a,3gp,3g2,mj2, from '/Users/kwasiyeboah/scrapper/downloads/twitter/polo_man404_2077949789837111296_PoloMan - If Studs wanna act like men their azzes gonna get .mp4':
  Metadata:
    major_brand     : isom
    minor_version   : 512
    compatible_brands: isomiso2avc1mp41
    encoder         : Lavf62.12.102
  Duration: 00:02:42.21, start: 0.000000, bitrate: 1481 kb/s
  Stream #0:0[0x1](und): Video: h264 (High) (avc1 / 0x31637661), yuv420p(progressive), 706x1280, 1341 kb/s, SAR 1:1 DAR 353:640, 59.99 fps, 60 tbr, 60k tbn (default)
    Metadata:
      handler_name    : Twitter-vork muxer
  Stream #0:1[0x2](und): Audio: aac (LC) (mp4a / 0x6134706D), 44100 Hz, stereo, fltp, 128 kb/s (default)
    Metadata:
      handler_name    : Twitter-vork muxer
Input #1, mov,mp4,m4a,3gp,3g2,mj2, from '/Users/kwasiyeboah/scrapper/downloads/twitter/omoelerinjare1_2079200500738899968_NOLLY - New to the neighborhood and already trying to be HOA.mp4':
  Metadata:
    major_brand     : isom
    minor_version   : 512
    compatible_brands: isomiso2avc1mp41
    encoder         : Lavf62.12.102
  Duration: 00:03:02.12, start: 0.000000, bitrate: 5822 kb/s
  Stream #1:0[0x1](und): Video: h264 (High) (avc1 / 0x31637661), yuv420p(progressive), 1080x1920, 5685 kb/s, SAR 1:1 DAR 9:16, 29.99 fps, 30 tbr, 9000k tbn (default)
    Metadata:
      handler_name    : Twitter-vork muxer
  Stream #1:1[0x2](und): Audio: aac (LC) (mp4a / 0x6134706D), 48000 Hz, stereo, fltp, 128 kb/s (default)
    Metadata:
      handler_name    : Twitter-vork muxer
Input #2, mov,mp4,m4a,3gp,3g2,mj2, from '/Users/kwasiyeboah/scrapper/downloads/twitter/Angrycomicgirl_2079078704110596096_Angrycomicgirl - Not all hero’s wear capes 🫡.mp4':
  Metadata:
    major_brand     : isom
    minor_version   : 512
    compatible_brands: isomiso2avc1mp41
    encoder         : Lavf62.12.102
  Duration: 00:01:42.45, start: 0.000000, bitrate: 802 kb/s
  Stream #2:0[0x1](und): Video: h264 (High) (avc1 / 0x31637661), yuv420p(progressive), 720x1280, 668 kb/s, SAR 1:1 DAR 9:16, 24.24 fps, 24 tbr, 60k tbn (default)
    Metadata:
      handler_name    : Twitter-vork muxer
  Stream #2:1[0x2](und): Audio: aac (LC) (mp4a / 0x6134706D), 44100 Hz, stereo, fltp, 128 kb/s (default)
    Metadata:
      handler_name    : Twitter-vork muxer
Input #3, mov,mp4,m4a,3gp,3g2,mj2, from '/Users/kwasiyeboah/scrapper/downloads/twitter/rizzolosophy_2079215895717507072_The Rizz Bible - Don't let this happen to you. You're suppos.mp4':
  Metadata:
    major_brand     : isom
    minor_version   : 512
    compatible_brands: isomiso2avc1mp41
    encoder         : Lavf62.12.102
  Duration: 00:01:50.76, start: 0.000000, bitrate: 1110 kb/s
  Stream #3:0[0x1](und): Video: h264 (High) (avc1 / 0x31637661), yuv420p(progressive), 720x958, 974 kb/s, SAR 1:1 DAR 360:479, 30 fps, 30 tbr, 60k tbn (default)
    Metadata:
      handler_name    : Twitter-vork muxer
  Stream #3:1[0x2](und): Audio: aac (LC) (mp4a / 0x6134706D), 44100 Hz, stereo, fltp, 128 kb/s (default)
    Metadata:
      handler_name    : Twitter-vork muxer
Input #4, mov,mp4,m4a,3gp,3g2,mj2, from '/Users/kwasiyeboah/scrapper/downloads/twitter/Daveay7_2079156994741555200_DaveAY - Kevin Samuel said ＂Winter is coming＂.mp4':
  Metadata:
    major_brand     : isom
    minor_version   : 512
    compatible_brands: isomiso2avc1mp41
    encoder         : Lavf62.12.102
  Duration: 00:04:28.40, start: 0.000000, bitrate: 561 kb/s
  Stream #4:0[0x1](und): Video: h264 (High) (avc1 / 0x31637661), yuv420p(progressive), 576x922, 425 kb/s, SAR 1:1 DAR 288:461, 30 fps, 30 tbr, 1536k tbn (default)
    Metadata:
      handler_name    : Twitter-vork muxer
  Stream #4:1[0x2](und): Audio: aac (LC) (mp4a / 0x6134706D), 44100 Hz, stereo, fltp, 128 kb/s (default)
    Metadata:
      handler_name    : Twitter-vork muxer
Input #5, mov,mp4,m4a,3gp,3g2,mj2, from '/Users/kwasiyeboah/scrapper/downloads/twitter/Daveay7_2079176754871087104_DaveAY - More reasons men don't want to approach..mp4':
  Metadata:
    major_brand     : isom
    minor_version   : 512
    compatible_brands: isomiso2avc1mp41
    encoder         : Lavf62.12.102
  Duration: 00:02:12.89, start: 0.000000, bitrate: 744 kb/s
  Stream #5:0[0x1](und): Video: h264 (High) (avc1 / 0x31637661), yuv420p(progressive), 576x1024, 607 kb/s, SAR 1:1 DAR 9:16, 30 fps, 30 tbr, 1536k tbn (default)
    Metadata:
      handler_name    : Twitter-vork muxer
  Stream #5:1[0x2](und): Audio: aac (LC) (mp4a / 0x6134706D), 44100 Hz, stereo, fltp, 128 kb/s (default)
    Metadata:
      handler_name    : Twitter-vork muxer
Input #6, mov,mp4,m4a,3gp,3g2,mj2, from '/Users/kwasiyeboah/scrapper/downloads/twitter/susylicious2023_2079254965273477121_Susan Abel - My wife left me for an ＂alpha male＂. !..now she.mp4':
  Metadata:
    major_brand     : isom
    minor_version   : 512
    compatible_brands: isomiso2avc1mp41
    encoder         : Lavf62.12.102
  Duration: 00:07:01.86, start: 0.000000, bitrate: 575 kb/s
  Stream #6:0[0x1](und): Video: h264 (High) (avc1 / 0x31637661), yuv420p(progressive), 576x1024, 439 kb/s, SAR 1:1 DAR 9:16, 29.97 fps, 29.97 tbr, 1198800 tbn (default)
    Metadata:
      handler_name    : Twitter-vork muxer
  Stream #6:1[0x2](und): Audio: aac (LC) (mp4a / 0x6134706D), 44100 Hz, stereo, fltp, 128 kb/s (default)
    Metadata:
      handler_name    : Twitter-vork muxer
Input #7, mov,mp4,m4a,3gp,3g2,mj2, from '/Users/kwasiyeboah/scrapper/downloads/twitter/susylicious2023_2078463070091784193_Susan Abel - I caught my serious girlfriend trying to baby t.mp4':
  Metadata:
    major_brand     : isom
    minor_version   : 512
    compatible_brands: isomiso2avc1mp41
    encoder         : Lavf62.12.102
  Duration: 00:02:46.77, start: 0.000000, bitrate: 951 kb/s
  Stream #7:0[0x1](und): Video: h264 (High) (avc1 / 0x31637661), yuv420p(progressive), 720x1280, 815 kb/s, SAR 1:1 DAR 9:16, 29.99 fps, 30 tbr, 1536k tbn (default)
    Metadata:
      handler_name    : Twitter-vork muxer
  Stream #7:1[0x2](und): Audio: aac (LC) (mp4a / 0x6134706D), 44100 Hz, stereo, fltp, 128 kb/s (default)
    Metadata:
      handler_name    : Twitter-vork muxer
Input #8, mov,mp4,m4a,3gp,3g2,mj2, from '/Users/kwasiyeboah/scrapper/downloads/twitter/Cat5SMASHICANE_2078831224911486976_Johnny B. Good - How about a good laugh for the morning？ Fam.mp4':
  Metadata:
    major_brand     : isom
    minor_version   : 512
    compatible_brands: isomiso2avc1mp41
    encoder         : Lavf62.12.102
  Duration: 00:03:48.79, start: 0.000000, bitrate: 742 kb/s
  Stream #8:0[0x1](und): Video: h264 (High) (avc1 / 0x31637661), yuv420p(progressive), 720x960, 606 kb/s, SAR 1:1 DAR 3:4, 30 fps, 30 tbr, 1536k tbn (default)
    Metadata:
      handler_name    : Twitter-vork muxer
  Stream #8:1[0x2](und): Audio: aac (LC) (mp4a / 0x6134706D), 44100 Hz, stereo, fltp, 128 kb/s (default)
    Metadata:
      handler_name    : Twitter-vork muxer
Stream mapping:
  Stream #0:0 (h264) -> fps:default
  Stream #0:1 (aac) -> aresample:default
  Stream #1:0 (h264) -> fps:default
  Stream #1:1 (aac) -> aresample:default
  Stream #2:0 (h264) -> fps:default
  Stream #2:1 (aac) -> aresample:default
  Stream #3:0 (h264) -> fps:default
  Stream #3:1 (aac) -> aresample:default
  Stream #4:0 (h264) -> fps:default
  Stream #4:1 (aac) -> aresample:default
  Stream #5:0 (h264) -> fps:default
  Stream #5:1 (aac) -> aresample:default
  Stream #6:0 (h264) -> fps:default
  Stream #6:1 (aac) -> aresample:default
  Stream #7:0 (h264) -> fps:default
  Stream #7:1 (aac) -> aresample:default
  Stream #8:0 (h264) -> fps:default
  Stream #8:1 (aac) -> aresample:default
  concat -> Stream #0:0 (h264_videotoolbox)
  concat -> Stream #0:1 (aac)
Press [q] to stop, [?] for help
Output #0, mp4, to '/Users/kwasiyeboah/scrapper/downloads/compilation_2026-07-20_1810.mp4':
  Metadata:
    major_brand     : isom
    minor_version   : 512
    compatible_brands: isomiso2avc1mp41
    encoder         : Lavf62.12.102
  Stream #0:0: Video: h264 (avc1 / 0x31637661), yuv420p(progressive), 1080x1920 [SAR 1:1 DAR 9:16], q=2-31, 6000 kb/s, 30 fps, 15360 tbn
    Metadata:
      encoder         : Lavc62.28.102 h264_videotoolbox
  Stream #0:1: Audio: aac (LC) (mp4a / 0x6134706D), 48000 Hz, stereo, fltp, 192 kb/s
    Metadata:
      encoder         : Lavc62.28.102 aac
[h264_videotoolbox @ 0x12b615760] Color range not set for yuv420p. Using MPEG range.
frame=   50 fps=0.0 q=-0.0 size=    1024KiB time=00:00:01.63 bitrate=5136.1kbits/s speed=3.25x elapsed=0:00:00.50    frame=  167 fps=166 q=-0.0 size=    4096KiB time=00:00:05.53 bitrate=6064.1kbits/s speed=5.52x elapsed=0:00:01.00    frame=  284 fps=189 q=-0.0 size=    7168KiB time=00:00:09.43 bitrate=6224.8kbits/s speed=6.27x elapsed=0:00:01.50    frame=  401 fps=200 q=-0.0 size=   10240KiB time=00:00:13.33 bitrate=6291.5kbits/s speed=6.64x elapsed=0:00:02.00    frame=  518 fps=206 q=-0.0 size=   13056KiB time=00:00:17.23 bitrate=6206.3kbits/s speed=6.86x elapsed=0:00:02.51    frame=  636 fps=211 q=-0.0 size=   16128KiB time=00:00:21.16 bitrate=6241.9kbits/s speed=7.02x elapsed=0:00:03.01    frame=  753 fps=214 q=-0.0 size=   18944KiB time=00:00:25.06 bitrate=6191.1kbits/s speed=7.13x elapsed=0:00:03.51    frame=  870 fps=216 q=-0.0 size=   22016KiB time=00:00:28.96 bitrate=6226.3kbits/s speed= 7.2x elapsed=0:00:04.02    frame=  987 fps=218 q=-0.0 size=   25088KiB time=00:00:32.86 bitrate=6253.2kbits/s speed=7.27x elapsed=0:00:04.52    frame= 1104 fps=220 q=-0.0 size=   27904KiB time=00:00:36.76 bitrate=6217.3kbits/s speed=7.32x elapsed=0:00:05.02    frame= 1222 fps=221 q=-0.0 size=   30976KiB time=00:00:40.70 bitrate=6234.8kbits/s speed=7.36x elapsed=0:00:05.52    frame= 1340 fps=222 q=-0.0 size=   33792KiB time=00:00:44.63 bitrate=6202.2kbits/s speed= 7.4x elapsed=0:00:06.03    frame= 1457 fps=223 q=-0.0 size=   36864KiB time=00:00:48.53 bitrate=6222.3kbits/s speed=7.42x elapsed=0:00:06.53    frame= 1574 fps=224 q=-0.0 size=   39936KiB time=00:00:52.43 bitrate=6239.5kbits/s speed=7.45x elapsed=0:00:07.04    frame= 1692 fps=224 q=-0.0 size=   42752KiB time=00:00:56.36 bitrate=6213.3kbits/s speed=7.47x elapsed=0:00:07.54    frame= 1810 fps=225 q=-0.0 size=   45568KiB time=00:01:00.30 bitrate=6190.6kbits/s speed=7.49x elapsed=0:00:08.05    frame= 1927 fps=225 q=-0.0 size=   48640KiB time=00:01:04.20 bitrate=6206.5kbits/s speed=7.51x elapsed=0:00:08.55    frame= 2044 fps=226 q=-0.0 size=   51712KiB time=00:01:08.10 bitrate=6220.6kbits/s speed=7.52x elapsed=0:00:09.05    frame= 2162 fps=226 q=-0.0 size=   54528KiB time=00:01:12.03 bitrate=6201.2kbits/s speed=7.53x elapsed=0:00:09.56    frame= 2279 fps=226 q=-0.0 size=   57600KiB time=00:01:15.93 bitrate=6214.1kbits/s speed=7.55x elapsed=0:00:10.06    frame= 2396 fps=227 q=-0.0 size=   60416KiB time=00:01:19.83 bitrate=6199.5kbits/s speed=7.56x elapsed=0:00:10.56    frame= 2514 fps=227 q=-0.0 size=   63488KiB time=00:01:23.76 bitrate=6208.8kbits/s speed=7.57x elapsed=0:00:11.07    frame= 2632 fps=227 q=-0.0 size=   66304KiB time=00:01:27.70 bitrate=6193.4kbits/s speed=7.58x elapsed=0:00:11.57    frame= 2749 fps=228 q=-0.0 size=   69376KiB time=00:01:31.60 bitrate=6204.5kbits/s speed=7.58x elapsed=0:00:12.08    frame= 2867 fps=228 q=-0.0 size=   72448KiB time=00:01:35.53 bitrate=6212.4kbits/s speed=7.59x elapsed=0:00:12.58    frame= 2984 fps=228 q=-0.0 size=   75264KiB time=00:01:39.43 bitrate=6200.8kbits/s speed= 7.6x elapsed=0:00:13.08    frame= 3101 fps=228 q=-0.0 size=   78336KiB time=00:01:43.33 bitrate=6210.3kbits/s speed= 7.6x elapsed=0:00:13.59    frame= 3214 fps=228 q=-0.0 size=   81152KiB time=00:01:47.10 bitrate=6207.3kbits/s speed= 7.6x elapsed=0:00:14.09    frame= 3331 fps=228 q=-0.0 size=   84224KiB time=00:01:51.00 bitrate=6215.9kbits/s speed= 7.6x elapsed=0:00:14.59    frame= 3449 fps=228 q=-0.0 size=   87040KiB time=00:01:54.93 bitrate=6203.9kbits/s speed=7.61x elapsed=0:00:15.10    frame= 3567 fps=229 q=-0.0 size=   90112KiB time=00:01:58.86 bitrate=6210.3kbits/s speed=7.62x elapsed=0:00:15.60    frame= 3683 fps=229 q=-0.0 size=   92928KiB time=00:02:02.73 bitrate=6202.6kbits/s speed=7.62x elapsed=0:00:16.10    frame= 3800 fps=229 q=-0.0 size=   96000KiB time=00:02:06.63 bitrate=6210.3kbits/s speed=7.62x elapsed=0:00:16.61    frame= 3917 fps=229 q=-0.0 size=   99072KiB time=00:02:10.53 bitrate=6217.6kbits/s speed=7.63x elapsed=0:00:17.11    frame= 4035 fps=229 q=-0.0 size=  101888KiB time=00:02:14.46 bitrate=6207.2kbits/s speed=7.63x elapsed=0:00:17.61    frame= 4152 fps=229 q=-0.0 size=  104960KiB time=00:02:18.36 bitrate=6214.2kbits/s speed=7.64x elapsed=0:00:18.12    frame= 4268 fps=229 q=-0.0 size=  107776KiB time=00:02:22.23 bitrate=6207.4kbits/s speed=7.64x elapsed=0:00:18.62    frame= 4366 fps=228 q=-0.0 size=  110336KiB time=00:02:25.50 bitrate=6212.2kbits/s speed=7.61x elapsed=0:00:19.12    frame= 4482 fps=228 q=-0.0 size=  113152KiB time=00:02:29.36 bitrate=6205.8kbits/s speed=7.61x elapsed=0:00:19.63    frame= 4602 fps=228 q=-0.0 size=  116224KiB time=00:02:33.36 bitrate=6208.0kbits/s speed=7.61x elapsed=0:00:20.14    frame= 4720 fps=229 q=-0.0 size=  119040KiB time=00:02:37.30 bitrate=6199.5kbits/s speed=7.62x elapsed=0:00:20.64    frame= 4836 fps=229 q=-0.0 size=  122112KiB time=00:02:41.16 bitrate=6206.9kbits/s speed=7.62x elapsed=0:00:21.15    frame= 4955 fps=229 q=-0.0 size=  125184KiB time=00:02:45.23 bitrate=6206.4kbits/s speed=7.63x elapsed=0:00:21.65    frame= 5073 fps=229 q=-0.0 size=  128000KiB time=00:02:49.16 bitrate=6198.5kbits/s speed=7.63x elapsed=0:00:22.15    frame= 5190 fps=229 q=-0.0 size=  130816KiB time=00:02:53.06 bitrate=6192.1kbits/s speed=7.64x elapsed=0:00:22.65    frame= 5307 fps=229 q=-0.0 size=  133888KiB time=00:02:56.96 bitrate=6197.8kbits/s speed=7.64x elapsed=0:00:23.16    frame= 5425 fps=229 q=-0.0 size=  136960KiB time=00:03:00.90 bitrate=6202.2kbits/s speed=7.64x elapsed=0:00:23.66    frame= 5543 fps=229 q=-0.0 size=  140032KiB time=00:03:04.83 bitrate=6206.4kbits/s speed=7.65x elapsed=0:00:24.17    frame= 5662 fps=229 q=-0.0 size=  142848KiB time=00:03:08.80 bitrate=6198.2kbits/s speed=7.65x elapsed=0:00:24.67    frame= 5779 fps=230 q=-0.0 size=  145920KiB time=00:03:12.70 bitrate=6203.3kbits/s speed=7.65x elapsed=0:00:25.17    frame= 5897 fps=230 q=-0.0 size=  148736KiB time=00:03:16.63 bitrate=6196.5kbits/s speed=7.66x elapsed=0:00:25.67    frame= 6014 fps=230 q=-0.0 size=  151808KiB time=00:03:20.53 bitrate=6201.5kbits/s speed=7.66x elapsed=0:00:26.18    frame= 6132 fps=230 q=-0.0 size=  154880KiB time=00:03:24.46 bitrate=6205.3kbits/s speed=7.66x elapsed=0:00:26.68    frame= 6250 fps=230 q=-0.0 size=  157696KiB time=00:03:28.40 bitrate=6198.9kbits/s speed=7.66x elapsed=0:00:27.18    frame= 6369 fps=230 q=-0.0 size=  160768KiB time=00:03:32.36 bitrate=6201.6kbits/s speed=7.67x elapsed=0:00:27.69    frame= 6486 fps=230 q=-0.0 size=  163584KiB time=00:03:36.26 bitrate=6196.4kbits/s speed=7.67x elapsed=0:00:28.19    frame= 6604 fps=230 q=-0.0 size=  166912KiB time=00:03:40.20 bitrate=6209.6kbits/s speed=7.67x elapsed=0:00:28.69    frame= 6722 fps=230 q=-0.0 size=  169728KiB time=00:03:44.13 bitrate=6203.5kbits/s speed=7.68x elapsed=0:00:29.20    frame= 6840 fps=230 q=-0.0 size=  172544KiB time=00:03:48.06 bitrate=6197.7kbits/s speed=7.68x elapsed=0:00:29.70    frame= 6958 fps=230 q=-0.0 size=  175616KiB time=00:03:52.00 bitrate=6201.1kbits/s speed=7.68x elapsed=0:00:30.20    frame= 7076 fps=230 q=-0.0 size=  178688KiB time=00:03:55.93 bitrate=6204.3kbits/s speed=7.68x elapsed=0:00:30.71    frame= 7193 fps=230 q=-0.0 size=  181504KiB time=00:03:59.83 bitrate=6199.6kbits/s speed=7.68x elapsed=0:00:31.21    frame= 7311 fps=231 q=-0.0 size=  184576KiB time=00:04:03.76 bitrate=6202.8kbits/s speed=7.69x elapsed=0:00:31.71    frame= 7429 fps=231 q=-0.0 size=  187648KiB time=00:04:07.70 bitrate=6205.9kbits/s speed=7.69x elapsed=0:00:32.22    frame= 7547 fps=231 q=-0.0 size=  190464KiB time=00:04:11.63 bitrate=6200.6kbits/s speed=7.69x elapsed=0:00:32.72    frame= 7665 fps=231 q=-0.0 size=  193536KiB time=00:04:15.56 bitrate=6203.7kbits/s speed=7.69x elapsed=0:00:33.22    frame= 7783 fps=231 q=-0.0 size=  196608KiB time=00:04:19.50 bitrate=6206.6kbits/s speed=7.69x elapsed=0:00:33.73    frame= 7900 fps=231 q=-0.0 size=  199424KiB time=00:04:23.40 bitrate=6202.3kbits/s speed=7.69x elapsed=0:00:34.23    frame= 8017 fps=231 q=-0.0 size=  202496KiB time=00:04:27.30 bitrate=6205.9kbits/s speed= 7.7x elapsed=0:00:34.73    frame= 8133 fps=231 q=-0.0 size=  205312KiB time=00:04:31.16 bitrate=6202.5kbits/s speed= 7.7x elapsed=0:00:35.23    frame= 8250 fps=231 q=-0.0 size=  208384KiB time=00:04:35.06 bitrate=6206.1kbits/s speed= 7.7x elapsed=0:00:35.73    frame= 8368 fps=231 q=-0.0 size=  211456KiB time=00:04:39.00 bitrate=6208.8kbits/s speed= 7.7x elapsed=0:00:36.24    frame= 8486 fps=231 q=-0.0 size=  214272KiB time=00:04:42.93 bitrate=6204.0kbits/s speed= 7.7x elapsed=0:00:36.74    frame= 8604 fps=231 q=-0.0 size=  217088KiB time=00:04:46.86 bitrate=6199.3kbits/s speed= 7.7x elapsed=0:00:37.25    frame= 8722 fps=231 q=-0.0 size=  220160KiB time=00:04:50.80 bitrate=6202.0kbits/s speed= 7.7x elapsed=0:00:37.75    frame= 8840 fps=231 q=-0.0 size=  223232KiB time=00:04:54.73 bitrate=6204.6kbits/s speed= 7.7x elapsed=0:00:38.25    frame= 8958 fps=231 q=-0.0 size=  226048KiB time=00:04:58.66 bitrate=6200.2kbits/s speed=7.71x elapsed=0:00:38.76    frame= 9076 fps=231 q=-0.0 size=  229120KiB time=00:05:02.60 bitrate=6202.7kbits/s speed=7.71x elapsed=0:00:39.26    frame= 9194 fps=231 q=-0.0 size=  232192KiB time=00:05:06.53 bitrate=6205.3kbits/s speed=7.71x elapsed=0:00:39.77    frame= 9312 fps=231 q=-0.0 size=  235008KiB time=00:05:10.46 bitrate=6200.9kbits/s speed=7.71x elapsed=0:00:40.27    frame= 9430 fps=231 q=-0.0 size=  238080KiB time=00:05:14.40 bitrate=6203.4kbits/s speed=7.71x elapsed=0:00:40.77    frame= 9548 fps=231 q=-0.0 size=  240896KiB time=00:05:18.33 bitrate=6199.2kbits/s speed=7.71x elapsed=0:00:41.28    frame= 9666 fps=231 q=-0.0 size=  243968KiB time=00:05:22.26 bitrate=6201.7kbits/s speed=7.71x elapsed=0:00:41.78    frame= 9785 fps=231 q=-0.0 size=  247040KiB time=00:05:26.23 bitrate=6203.4kbits/s speed=7.71x elapsed=0:00:42.29    frame= 9903 fps=231 q=-0.0 size=  249856KiB time=00:05:30.16 bitrate=6199.4kbits/s speed=7.71x elapsed=0:00:42.79    frame=10021 fps=231 q=-0.0 size=  252928KiB time=00:05:34.10 bitrate=6201.7kbits/s speed=7.72x elapsed=0:00:43.30    frame=10138 fps=231 q=-0.0 size=  255744KiB time=00:05:38.00 bitrate=6198.4kbits/s speed=7.72x elapsed=0:00:43.80    frame=10256 fps=231 q=-0.0 size=  258816KiB time=00:05:41.93 bitrate=6200.7kbits/s speed=7.72x elapsed=0:00:44.30    frame=10374 fps=232 q=-0.0 size=  261632KiB time=00:05:45.90 bitrate=6196.3kbits/s speed=7.72x elapsed=0:00:44.81    frame=10491 fps=232 q=-0.0 size=  264192KiB time=00:05:49.80 bitrate=6187.1kbits/s speed=7.72x elapsed=0:00:45.31    frame=10609 fps=232 q=-0.0 size=  266752KiB time=00:05:53.73 bitrate=6177.6kbits/s speed=7.72x elapsed=0:00:45.82    frame=10727 fps=232 q=-0.0 size=  269568KiB time=00:05:57.66 bitrate=6174.2kbits/s speed=7.72x elapsed=0:00:46.32    frame=10843 fps=232 q=-0.0 size=  272384KiB time=00:06:01.53 bitrate=6172.0kbits/s speed=7.72x elapsed=0:00:46.82    frame=10961 fps=232 q=-0.0 size=  275712KiB time=00:06:05.46 bitrate=6180.1kbits/s speed=7.72x elapsed=0:00:47.33    frame=11079 fps=232 q=-0.0 size=  278784KiB time=00:06:09.40 bitrate=6182.5kbits/s speed=7.72x elapsed=0:00:47.83    frame=11197 fps=232 q=-0.0 size=  281856KiB time=00:06:13.33 bitrate=6184.7kbits/s speed=7.72x elapsed=0:00:48.34    frame=11315 fps=232 q=-0.0 size=  284672KiB time=00:06:17.26 bitrate=6181.4kbits/s speed=7.72x elapsed=0:00:48.84    frame=11431 fps=232 q=-0.0 size=  287488KiB time=00:06:21.16 bitrate=6178.7kbits/s speed=7.72x elapsed=0:00:49.35    frame=11550 fps=232 q=-0.0 size=  290304KiB time=00:06:25.10 bitrate=6175.5kbits/s speed=7.72x elapsed=0:00:49.85    frame=11666 fps=232 q=-0.0 size=  293376KiB time=00:06:28.96 bitrate=6178.8kbits/s speed=7.72x elapsed=0:00:50.35    frame=11783 fps=232 q=-0.0 size=  296192KiB time=00:06:32.86 bitrate=6176.2kbits/s speed=7.72x elapsed=0:00:50.85    frame=11900 fps=232 q=-0.0 size=  299008KiB time=00:06:36.76 bitrate=6173.6kbits/s speed=7.73x elapsed=0:00:51.36    frame=12018 fps=232 q=-0.0 size=  302080KiB time=00:06:40.70 bitrate=6175.8kbits/s speed=7.73x elapsed=0:00:51.86    frame=12135 fps=232 q=-0.0 size=  305152KiB time=00:06:44.60 bitrate=6178.5kbits/s speed=7.73x elapsed=0:00:52.36    frame=12252 fps=232 q=-0.0 size=  307968KiB time=00:06:48.50 bitrate=6175.9kbits/s speed=7.73x elapsed=0:00:52.87    frame=12348 fps=231 q=-0.0 size=  310272KiB time=00:06:51.70 bitrate=6173.8kbits/s speed=7.71x elapsed=0:00:53.37    frame=12464 fps=231 q=-0.0 size=  313344KiB time=00:06:55.56 bitrate=6176.9kbits/s speed=7.71x elapsed=0:00:53.87    frame=12582 fps=231 q=-0.0 size=  316416KiB time=00:06:59.50 bitrate=6179.0kbits/s speed=7.71x elapsed=0:00:54.37    frame=12699 fps=231 q=-0.0 size=  319232KiB time=00:07:03.40 bitrate=6176.5kbits/s speed=7.71x elapsed=0:00:54.88    frame=12817 fps=231 q=-0.0 size=  322304KiB time=00:07:07.33 bitrate=6178.6kbits/s speed=7.72x elapsed=0:00:55.38    frame=12935 fps=231 q=-0.0 size=  325120KiB time=00:07:11.26 bitrate=6175.7kbits/s speed=7.72x elapsed=0:00:55.89    frame=13053 fps=231 q=-0.0 size=  328192KiB time=00:07:15.20 bitrate=6177.7kbits/s speed=7.72x elapsed=0:00:56.39    frame=13170 fps=231 q=-0.0 size=  331008KiB time=00:07:19.10 bitrate=6175.4kbits/s speed=7.72x elapsed=0:00:56.89    frame=13286 fps=231 q=-0.0 size=  334080KiB time=00:07:22.96 bitrate=6178.3kbits/s speed=7.72x elapsed=0:00:57.40    frame=13403 fps=231 q=-0.0 size=  335616KiB time=00:07:26.93 bitrate=6151.6kbits/s speed=7.72x elapsed=0:00:57.90    frame=13520 fps=231 q=-0.0 size=  338944KiB time=00:07:30.83 bitrate=6158.9kbits/s speed=7.72x elapsed=0:00:58.40    frame=13637 fps=231 q=-0.0 size=  342016KiB time=00:07:34.73 bitrate=6161.4kbits/s speed=7.72x elapsed=0:00:58.90    frame=13755 fps=232 q=-0.0 size=  345344KiB time=00:07:38.66 bitrate=6168.0kbits/s speed=7.72x elapsed=0:00:59.41    frame=13873 fps=232 q=-0.0 size=  348928KiB time=00:07:42.60 bitrate=6179.0kbits/s speed=7.72x elapsed=0:00:59.91    frame=13991 fps=232 q=-0.0 size=  352000KiB time=00:07:46.53 bitrate=6180.9kbits/s speed=7.72x elapsed=0:01:00.41    frame=14108 fps=232 q=-0.0 size=  354304KiB time=00:07:50.43 bitrate=6169.8kbits/s speed=7.72x elapsed=0:01:00.92    frame=14225 fps=232 q=-0.0 size=  357632KiB time=00:07:54.33 bitrate=6176.5kbits/s speed=7.72x elapsed=0:01:01.42    frame=14343 fps=232 q=-0.0 size=  360704KiB time=00:07:58.26 bitrate=6178.3kbits/s speed=7.72x elapsed=0:01:01.92    frame=14460 fps=232 q=-0.0 size=  363776KiB time=00:08:02.16 bitrate=6180.5kbits/s speed=7.72x elapsed=0:01:02.43    frame=14579 fps=232 q=-0.0 size=  367104KiB time=00:08:06.13 bitrate=6186.2kbits/s speed=7.72x elapsed=0:01:02.93    frame=14695 fps=232 q=-0.0 size=  369920KiB time=00:08:10.00 bitrate=6184.5kbits/s speed=7.72x elapsed=0:01:03.43    frame=14815 fps=232 q=-0.0 size=  371712KiB time=00:08:14.00 bitrate=6164.1kbits/s speed=7.73x elapsed=0:01:03.94    frame=14932 fps=232 q=-0.0 size=  374784KiB time=00:08:17.90 bitrate=6166.4kbits/s speed=7.73x elapsed=0:01:04.44    frame=15051 fps=232 q=-0.0 size=  378112KiB time=00:08:21.86 bitrate=6171.9kbits/s speed=7.73x elapsed=0:01:04.95    frame=15169 fps=232 q=-0.0 size=  380928KiB time=00:08:25.80 bitrate=6169.6kbits/s speed=7.73x elapsed=0:01:05.45    frame=15288 fps=232 q=-0.0 size=  384000KiB time=00:08:29.76 bitrate=6170.9kbits/s speed=7.73x elapsed=0:01:05.96    frame=15406 fps=232 q=-0.0 size=  387072KiB time=00:08:33.70 bitrate=6172.7kbits/s speed=7.73x elapsed=0:01:06.46    frame=15524 fps=232 q=-0.0 size=  389632KiB time=00:08:37.63 bitrate=6166.3kbits/s speed=7.73x elapsed=0:01:06.97    frame=15642 fps=232 q=-0.0 size=  392960KiB time=00:08:41.56 bitrate=6172.0kbits/s speed=7.73x elapsed=0:01:07.47    frame=15760 fps=232 q=-0.0 size=  396544KiB time=00:08:45.50 bitrate=6181.7kbits/s speed=7.73x elapsed=0:01:07.98    frame=15878 fps=232 q=-0.0 size=  399616KiB time=00:08:49.43 bitrate=6183.3kbits/s speed=7.73x elapsed=0:01:08.48    frame=15995 fps=232 q=-0.0 size=  402176KiB time=00:08:53.33 bitrate=6177.4kbits/s speed=7.73x elapsed=0:01:08.99    frame=16114 fps=232 q=-0.0 size=  405248KiB time=00:08:57.30 bitrate=6178.7kbits/s speed=7.73x elapsed=0:01:09.49    frame=16232 fps=232 q=-0.0 size=  408320KiB time=00:09:01.23 bitrate=6180.3kbits/s speed=7.73x elapsed=0:01:10.00    frame=16350 fps=232 q=-0.0 size=  411136KiB time=00:09:05.16 bitrate=6178.0kbits/s speed=7.73x elapsed=0:01:10.50    frame=16467 fps=232 q=-0.0 size=  414208KiB time=00:09:09.06 bitrate=6179.9kbits/s speed=7.73x elapsed=0:01:11.00    frame=16585 fps=232 q=-0.0 size=  417536KiB time=00:09:13.00 bitrate=6185.3kbits/s speed=7.73x elapsed=0:01:11.51    frame=16703 fps=232 q=-0.0 size=  418304KiB time=00:09:16.93 bitrate=6152.9kbits/s speed=7.73x elapsed=0:01:12.01    frame=16820 fps=232 q=-0.0 size=  421888KiB time=00:09:20.86 bitrate=6162.1kbits/s speed=7.73x elapsed=0:01:12.51    frame=16937 fps=232 q=-0.0 size=  425216KiB time=00:09:24.76 bitrate=6167.8kbits/s speed=7.73x elapsed=0:01:13.01    frame=17055 fps=232 q=-0.0 size=  428288KiB time=00:09:28.70 bitrate=6169.4kbits/s speed=7.74x elapsed=0:01:13.52    frame=17167 fps=232 q=-0.0 size=  431360KiB time=00:09:32.43 bitrate=6173.1kbits/s speed=7.73x elapsed=0:01:14.02    frame=17245 fps=231 q=-0.0 size=  433408KiB time=00:09:35.03 bitrate=6174.4kbits/s speed=7.72x elapsed=0:01:14.52    frame=17363 fps=231 q=-0.0 size=  436992KiB time=00:09:38.96 bitrate=6183.2kbits/s speed=7.72x elapsed=0:01:15.03    frame=17481 fps=231 q=-0.0 size=  440320KiB time=00:09:42.90 bitrate=6188.2kbits/s speed=7.72x elapsed=0:01:15.53    frame=17598 fps=231 q=-0.0 size=  443392KiB time=00:09:46.80 bitrate=6190.0kbits/s speed=7.72x elapsed=0:01:16.03    frame=17715 fps=231 q=-0.0 size=  446720KiB time=00:09:50.70 bitrate=6195.2kbits/s speed=7.72x elapsed=0:01:16.53    frame=17833 fps=231 q=-0.0 size=  449536KiB time=00:09:54.63 bitrate=6193.1kbits/s speed=7.72x elapsed=0:01:17.04    frame=17950 fps=231 q=-0.0 size=  452608KiB time=00:09:58.53 bitrate=6194.8kbits/s speed=7.72x elapsed=0:01:17.54    frame=18067 fps=231 q=-0.0 size=  455680KiB time=00:10:02.43 bitrate=6196.4kbits/s speed=7.72x elapsed=0:01:18.04    frame=18185 fps=232 q=-0.0 size=  458752KiB time=00:10:06.36 bitrate=6197.7kbits/s speed=7.72x elapsed=0:01:18.55    frame=18302 fps=232 q=-0.0 size=  461824KiB time=00:10:10.26 bitrate=6199.4kbits/s speed=7.72x elapsed=0:01:19.05    frame=18420 fps=232 q=-0.0 size=  464640KiB time=00:10:14.20 bitrate=6197.2kbits/s speed=7.72x elapsed=0:01:19.56    frame=18538 fps=232 q=-0.0 size=  467712KiB time=00:10:18.13 bitrate=6198.5kbits/s speed=7.72x elapsed=0:01:20.06    frame=18655 fps=232 q=-0.0 size=  470528KiB time=00:10:22.03 bitrate=6196.7kbits/s speed=7.72x elapsed=0:01:20.56    frame=18772 fps=232 q=-0.0 size=  472576KiB time=00:10:25.93 bitrate=6184.9kbits/s speed=7.72x elapsed=0:01:21.07    frame=18890 fps=232 q=-0.0 size=  475136KiB time=00:10:29.86 bitrate=6179.6kbits/s speed=7.72x elapsed=0:01:21.57    frame=19008 fps=232 q=-0.0 size=  477696KiB time=00:10:33.80 bitrate=6174.3kbits/s speed=7.72x elapsed=0:01:22.08    frame=19126 fps=232 q=-0.0 size=  480512KiB time=00:10:37.73 bitrate=6172.4kbits/s speed=7.72x elapsed=0:01:22.58    frame=19244 fps=232 q=-0.0 size=  483328KiB time=00:10:41.66 bitrate=6170.5kbits/s speed=7.72x elapsed=0:01:23.09    frame=19353 fps=232 q=-0.0 size=  486144KiB time=00:10:45.30 bitrate=6171.5kbits/s speed=7.72x elapsed=0:01:23.59    frame=19470 fps=232 q=-0.0 size=  489472KiB time=00:10:49.20 bitrate=6176.5kbits/s speed=7.72x elapsed=0:01:24.10    frame=19588 fps=232 q=-0.0 size=  492544KiB time=00:10:53.13 bitrate=6177.8kbits/s speed=7.72x elapsed=0:01:24.60    frame=19705 fps=232 q=-0.0 size=  495360KiB time=00:10:57.03 bitrate=6176.2kbits/s speed=7.72x elapsed=0:01:25.10    frame=19822 fps=232 q=-0.0 size=  497920KiB time=00:11:00.93 bitrate=6171.5kbits/s speed=7.72x elapsed=0:01:25.60    frame=19940 fps=232 q=-0.0 size=  500992KiB time=00:11:04.86 bitrate=6172.9kbits/s speed=7.72x elapsed=0:01:26.11    frame=20057 fps=232 q=-0.0 size=  503808KiB time=00:11:08.76 bitrate=6171.4kbits/s speed=7.72x elapsed=0:01:26.61    frame=20175 fps=232 q=-0.0 size=  506880KiB time=00:11:12.70 bitrate=6172.7kbits/s speed=7.72x elapsed=0:01:27.12    frame=20292 fps=232 q=-0.0 size=  509696KiB time=00:11:16.60 bitrate=6171.2kbits/s speed=7.72x elapsed=0:01:27.62    frame=20409 fps=232 q=-0.0 size=  512768KiB time=00:11:20.50 bitrate=6172.8kbits/s speed=7.72x elapsed=0:01:28.12    frame=20526 fps=232 q=-0.0 size=  516352KiB time=00:11:24.40 bitrate=6180.5kbits/s speed=7.72x elapsed=0:01:28.63    frame=20644 fps=232 q=-0.0 size=  519680KiB time=00:11:28.33 bitrate=6184.8kbits/s speed=7.72x elapsed=0:01:29.13    frame=20762 fps=232 q=-0.0 size=  522752KiB time=00:11:32.26 bitrate=6186.0kbits/s speed=7.72x elapsed=0:01:29.63    frame=20880 fps=232 q=-0.0 size=  525824KiB time=00:11:36.20 bitrate=6187.2kbits/s speed=7.72x elapsed=0:01:30.14    frame=20998 fps=232 q=-0.0 size=  529152KiB time=00:11:40.13 bitrate=6191.4kbits/s speed=7.72x elapsed=0:01:30.64    frame=21115 fps=232 q=-0.0 size=  532480KiB time=00:11:44.03 bitrate=6195.8kbits/s speed=7.72x elapsed=0:01:31.14    frame=21233 fps=232 q=-0.0 size=  535296KiB time=00:11:47.96 bitrate=6194.0kbits/s speed=7.72x elapsed=0:01:31.65    frame=21350 fps=232 q=-0.0 size=  537344KiB time=00:11:51.86 bitrate=6183.6kbits/s speed=7.72x elapsed=0:01:32.15    frame=21468 fps=232 q=-0.0 size=  540160KiB time=00:11:55.80 bitrate=6181.9kbits/s speed=7.73x elapsed=0:01:32.65    frame=21585 fps=232 q=-0.0 size=  543232KiB time=00:11:59.70 bitrate=6183.3kbits/s speed=7.73x elapsed=0:01:33.15    frame=21703 fps=232 q=-0.0 size=  546048KiB time=00:12:03.63 bitrate=6181.6kbits/s speed=7.73x elapsed=0:01:33.66    frame=21817 fps=232 q=-0.0 size=  548864KiB time=00:12:07.43 bitrate=6181.0kbits/s speed=7.72x elapsed=0:01:34.17    frame=21938 fps=232 q=-0.0 size=  552192KiB time=00:12:11.46 bitrate=6184.2kbits/s speed=7.73x elapsed=0:01:34.67    frame=22057 fps=232 q=-0.0 size=  555008KiB time=00:12:15.43 bitrate=6182.2kbits/s speed=7.73x elapsed=0:01:35.17    frame=22175 fps=232 q=-0.0 size=  558080KiB time=00:12:19.36 bitrate=6183.4kbits/s speed=7.73x elapsed=0:01:35.68    frame=22282 fps=232 q=-0.0 size=  560640KiB time=00:12:22.93 bitrate=6181.9kbits/s speed=7.72x elapsed=0:01:36.18    frame=22400 fps=232 q=-0.0 size=  563712KiB time=00:12:26.86 bitrate=6183.1kbits/s speed=7.72x elapsed=0:01:36.68    frame=22498 fps=231 q=-0.0 size=  566272KiB time=00:12:30.13 bitrate=6184.1kbits/s speed=7.72x elapsed=0:01:37.19    frame=22617 fps=232 q=-0.0 size=  569088KiB time=00:12:34.10 bitrate=6182.2kbits/s speed=7.72x elapsed=0:01:37.69    frame=22732 fps=231 q=-0.0 size=  572160KiB time=00:12:37.93 bitrate=6184.1kbits/s speed=7.72x elapsed=0:01:38.20    frame=22852 fps=232 q=-0.0 size=  575232KiB time=00:12:41.93 bitrate=6184.7kbits/s speed=7.72x elapsed=0:01:38.70    frame=22969 fps=232 q=-0.0 size=  578560KiB time=00:12:45.83 bitrate=6188.8kbits/s speed=7.72x elapsed=0:01:39.20    frame=23087 fps=232 q=-0.0 size=  581632KiB time=00:12:49.76 bitrate=6189.8kbits/s speed=7.72x elapsed=0:01:39.70    frame=23204 fps=232 q=-0.0 size=  584960KiB time=00:12:53.66 bitrate=6193.9kbits/s speed=7.72x elapsed=0:01:40.21    frame=23322 fps=232 q=-0.0 size=  588032KiB time=00:12:57.60 bitrate=6194.9kbits/s speed=7.72x elapsed=0:01:40.71    frame=23439 fps=232 q=-0.0 size=  591104KiB time=00:13:01.50 bitrate=6196.2kbits/s speed=7.72x elapsed=0:01:41.22    frame=23557 fps=232 q=-0.0 size=  594432KiB time=00:13:05.43 bitrate=6199.9kbits/s speed=7.72x elapsed=0:01:41.72    frame=23674 fps=232 q=-0.0 size=  597248KiB time=00:13:09.33 bitrate=6198.5kbits/s speed=7.72x elapsed=0:01:42.22    frame=23791 fps=232 q=-0.0 size=  600320KiB time=00:13:13.23 bitrate=6199.7kbits/s speed=7.72x elapsed=0:01:42.73    frame=23908 fps=232 q=-0.0 size=  603392KiB time=00:13:17.13 bitrate=6201.0kbits/s speed=7.72x elapsed=0:01:43.24    frame=24027 fps=232 q=-0.0 size=  606464KiB time=00:13:21.10 bitrate=6201.7kbits/s speed=7.72x elapsed=0:01:43.74    frame=24146 fps=232 q=-0.0 size=  609536KiB time=00:13:25.06 bitrate=6202.4kbits/s speed=7.72x elapsed=0:01:44.24    frame=24264 fps=232 q=-0.0 size=  612352KiB time=00:13:29.00 bitrate=6200.7kbits/s speed=7.72x elapsed=0:01:44.75    frame=24381 fps=232 q=-0.0 size=  615424KiB time=00:13:32.90 bitrate=6201.9kbits/s speed=7.72x elapsed=0:01:45.25    frame=24498 fps=232 q=-0.0 size=  618496KiB time=00:13:36.80 bitrate=6203.1kbits/s speed=7.72x elapsed=0:01:45.75    frame=24616 fps=232 q=-0.0 size=  621312KiB time=00:13:40.73 bitrate=6201.5kbits/s speed=7.72x elapsed=0:01:46.26    frame=24732 fps=232 q=-0.0 size=  622336KiB time=00:13:44.60 bitrate=6182.6kbits/s speed=7.72x elapsed=0:01:46.76    frame=24853 fps=232 q=-0.0 size=  625152KiB time=00:13:48.70 bitrate=6179.9kbits/s speed=7.73x elapsed=0:01:47.27    frame=24970 fps=232 q=-0.0 size=  628480KiB time=00:13:52.60 bitrate=6183.7kbits/s speed=7.73x elapsed=0:01:47.77    frame=25087 fps=232 q=-0.0 size=  631808KiB time=00:13:56.50 bitrate=6187.4kbits/s speed=7.73x elapsed=0:01:48.27    frame=25204 fps=232 q=-0.0 size=  634880KiB time=00:14:00.40 bitrate=6188.6kbits/s speed=7.73x elapsed=0:01:48.77    frame=25321 fps=232 q=-0.0 size=  638208KiB time=00:14:04.30 bitrate=6192.3kbits/s speed=7.73x elapsed=0:01:49.27    frame=25439 fps=232 q=-0.0 size=  641024KiB time=00:14:08.23 bitrate=6190.8kbits/s speed=7.73x elapsed=0:01:49.78    frame=25556 fps=232 q=-0.0 size=  644096KiB time=00:14:12.13 bitrate=6192.0kbits/s speed=7.73x elapsed=0:01:50.28    frame=25674 fps=232 q=-0.0 size=  646912KiB time=00:14:16.06 bitrate=6190.5kbits/s speed=7.73x elapsed=0:01:50.78    frame=25791 fps=232 q=-0.0 size=  649984KiB time=00:14:19.96 bitrate=6191.7kbits/s speed=7.73x elapsed=0:01:51.29    frame=25909 fps=232 q=-0.0 size=  652800KiB time=00:14:23.90 bitrate=6190.2kbits/s speed=7.73x elapsed=0:01:51.79    frame=26027 fps=232 q=-0.0 size=  655872KiB time=00:14:27.83 bitrate=6191.2kbits/s speed=7.73x elapsed=0:01:52.30    frame=26144 fps=232 q=-0.0 size=  658944KiB time=00:14:31.73 bitrate=6192.3kbits/s speed=7.73x elapsed=0:01:52.80    frame=26235 fps=232 q=-0.0 size=  661248KiB time=00:14:34.76 bitrate=6192.4kbits/s speed=7.72x elapsed=0:01:53.30    frame=26357 fps=232 q=-0.0 size=  664320KiB time=00:14:38.83 bitrate=6192.4kbits/s speed=7.72x elapsed=0:01:53.80    frame=26476 fps=232 q=-0.0 size=  667392KiB time=00:14:42.80 bitrate=6193.1kbits/s speed=7.72x elapsed=0:01:54.31    frame=26593 fps=232 q=-0.0 size=  670464KiB time=00:14:46.70 bitrate=6194.2kbits/s speed=7.72x elapsed=0:01:54.81    frame=26711 fps=232 q=-0.0 size=  673536KiB time=00:14:50.63 bitrate=6195.2kbits/s speed=7.72x elapsed=0:01:55.32    frame=26829 fps=232 q=-0.0 size=  676352KiB time=00:14:54.56 bitrate=6193.7kbits/s speed=7.72x elapsed=0:01:55.82    frame=26947 fps=232 q=-0.0 size=  679424KiB time=00:14:58.50 bitrate=6194.6kbits/s speed=7.72x elapsed=0:01:56.32    frame=27064 fps=232 q=-0.0 size=  682496KiB time=00:15:02.40 bitrate=6195.7kbits/s speed=7.72x elapsed=0:01:56.83    frame=27182 fps=232 q=-0.0 size=  685312KiB time=00:15:06.33 bitrate=6194.3kbits/s speed=7.72x elapsed=0:01:57.33    frame=27297 fps=232 q=-0.0 size=  688128KiB time=00:15:10.16 bitrate=6193.5kbits/s speed=7.72x elapsed=0:01:57.84    frame=27417 fps=232 q=-0.0 size=  691456KiB time=00:15:14.16 bitrate=6196.3kbits/s speed=7.72x elapsed=0:01:58.35    frame=27533 fps=232 q=-0.0 size=  694272KiB time=00:15:18.03 bitrate=6195.3kbits/s speed=7.72x elapsed=0:01:58.85    frame=27651 fps=232 q=-0.0 size=  697344KiB time=00:15:21.96 bitrate=6196.1kbits/s speed=7.72x elapsed=0:01:59.36    frame=27769 fps=232 q=-0.0 size=  700416KiB time=00:15:25.90 bitrate=6197.0kbits/s speed=7.72x elapsed=0:01:59.86    frame=27887 fps=232 q=-0.0 size=  703488KiB time=00:15:29.83 bitrate=6197.9kbits/s speed=7.72x elapsed=0:02:00.37    frame=28004 fps=232 q=-0.0 size=  706304KiB time=00:15:33.73 bitrate=6196.7kbits/s speed=7.72x elapsed=0:02:00.87    frame=28122 fps=232 q=-0.0 size=  709376KiB time=00:15:37.66 bitrate=6197.5kbits/s speed=7.73x elapsed=0:02:01.37    frame=28239 fps=232 q=-0.0 size=  712448KiB time=00:15:41.56 bitrate=6198.6kbits/s speed=7.73x elapsed=0:02:01.87    frame=28356 fps=232 q=-0.0 size=  715264KiB time=00:15:45.46 bitrate=6197.4kbits/s speed=7.73x elapsed=0:02:02.38    frame=28474 fps=232 q=-0.0 size=  718336KiB time=00:15:49.40 bitrate=6198.2kbits/s speed=7.73x elapsed=0:02:02.88    frame=28592 fps=232 q=-0.0 size=  721408KiB time=00:15:53.33 bitrate=6199.1kbits/s speed=7.73x elapsed=0:02:03.39    frame=28710 fps=232 q=-0.0 size=  722688KiB time=00:15:57.26 bitrate=6184.5kbits/s speed=7.73x elapsed=0:02:03.89    frame=28828 fps=232 q=-0.0 size=  725248KiB time=00:16:01.26 bitrate=6180.6kbits/s speed=7.73x elapsed=0:02:04.40    frame=28945 fps=232 q=-0.0 size=  728832KiB time=00:16:05.16 bitrate=6186.1kbits/s speed=7.73x elapsed=0:02:04.90    frame=29063 fps=232 q=-0.0 size=  731904KiB time=00:16:09.10 bitrate=6186.9kbits/s speed=7.73x elapsed=0:02:05.41    frame=29181 fps=232 q=-0.0 size=  735232KiB time=00:16:13.03 bitrate=6189.9kbits/s speed=7.73x elapsed=0:02:05.91    frame=29298 fps=232 q=-0.0 size=  738304KiB time=00:16:16.93 bitrate=6191.0kbits/s speed=7.73x elapsed=0:02:06.41    frame=29415 fps=232 q=-0.0 size=  741632KiB time=00:16:20.83 bitrate=6194.2kbits/s speed=7.73x elapsed=0:02:06.92    frame=29532 fps=232 q=-0.0 size=  744448KiB time=00:16:24.73 bitrate=6193.1kbits/s speed=7.73x elapsed=0:02:07.42    frame=29650 fps=232 q=-0.0 size=  747264KiB time=00:16:28.66 bitrate=6191.8kbits/s speed=7.73x elapsed=0:02:07.92    frame=29767 fps=232 q=-0.0 size=  750336KiB time=00:16:32.56 bitrate=6192.8kbits/s speed=7.73x elapsed=0:02:08.43    frame=29885 fps=232 q=-0.0 size=  753408KiB time=00:16:36.50 bitrate=6193.6kbits/s speed=7.73x elapsed=0:02:08.93    frame=30002 fps=232 q=-0.0 size=  756224KiB time=00:16:40.40 bitrate=6192.5kbits/s speed=7.73x elapsed=0:02:09.44    frame=30119 fps=232 q=-0.0 size=  759040KiB time=00:16:44.30 bitrate=6191.4kbits/s speed=7.73x elapsed=0:02:09.94    frame=30236 fps=232 q=-0.0 size=  762112KiB time=00:16:48.20 bitrate=6192.4kbits/s speed=7.73x elapsed=0:02:10.44    frame=30353 fps=232 q=-0.0 size=  765184KiB time=00:16:52.10 bitrate=6193.4kbits/s speed=7.73x elapsed=0:02:10.94    frame=30465 fps=232 q=-0.0 size=  768000KiB time=00:16:55.83 bitrate=6193.4kbits/s speed=7.73x elapsed=0:02:11.45    frame=30583 fps=232 q=-0.0 size=  771072KiB time=00:16:59.76 bitrate=6194.2kbits/s speed=7.73x elapsed=0:02:11.95    frame=30699 fps=232 q=-0.0 size=  773888KiB time=00:17:03.63 bitrate=6193.3kbits/s speed=7.73x elapsed=0:02:12.45    frame=30817 fps=232 q=-0.0 size=  776960KiB time=00:17:07.56 bitrate=6194.1kbits/s speed=7.73x elapsed=0:02:12.96    frame=30935 fps=232 q=-0.0 size=  779776KiB time=00:17:11.50 bitrate=6192.9kbits/s speed=7.73x elapsed=0:02:13.46    frame=31050 fps=232 q=-0.0 size=  782848KiB time=00:17:15.33 bitrate=6194.2kbits/s speed=7.73x elapsed=0:02:13.97    frame=31167 fps=232 q=-0.0 size=  785920KiB time=00:17:19.23 bitrate=6195.2kbits/s speed=7.73x elapsed=0:02:14.47    frame=31284 fps=232 q=-0.0 size=  788736KiB time=00:17:23.13 bitrate=6194.2kbits/s speed=7.73x elapsed=0:02:14.97    frame=31401 fps=232 q=-0.0 size=  791808KiB time=00:17:27.03 bitrate=6195.1kbits/s speed=7.73x elapsed=0:02:15.48    frame=31518 fps=232 q=-0.0 size=  794624KiB time=00:17:30.93 bitrate=6194.1kbits/s speed=7.73x elapsed=0:02:15.98    frame=31636 fps=232 q=-0.0 size=  797696KiB time=00:17:34.86 bitrate=6194.8kbits/s speed=7.73x elapsed=0:02:16.48    frame=31752 fps=232 q=-0.0 size=  800512KiB time=00:17:38.73 bitrate=6194.0kbits/s speed=7.73x elapsed=0:02:16.99    frame=31869 fps=232 q=-0.0 size=  803584KiB time=00:17:42.63 bitrate=6195.0kbits/s speed=7.73x elapsed=0:02:17.49    frame=31987 fps=232 q=-0.0 size=  806400KiB time=00:17:46.56 bitrate=6193.7kbits/s speed=7.73x elapsed=0:02:17.99    frame=32104 fps=232 q=-0.0 size=  809472KiB time=00:17:50.46 bitrate=6194.7kbits/s speed=7.73x elapsed=0:02:18.50    frame=32221 fps=232 q=-0.0 size=  812288KiB time=00:17:54.36 bitrate=6193.7kbits/s speed=7.73x elapsed=0:02:19.00    frame=32338 fps=232 q=-0.0 size=  815104KiB time=00:17:58.26 bitrate=6192.7kbits/s speed=7.73x elapsed=0:02:19.50    frame=32456 fps=232 q=-0.0 size=  818176KiB time=00:18:02.20 bitrate=6193.4kbits/s speed=7.73x elapsed=0:02:20.01    frame=32574 fps=232 q=-0.0 size=  820992KiB time=00:18:06.13 bitrate=6192.2kbits/s speed=7.73x elapsed=0:02:20.51    frame=32692 fps=232 q=-0.0 size=  824064KiB time=00:18:10.06 bitrate=6193.0kbits/s speed=7.73x elapsed=0:02:21.01    frame=32806 fps=232 q=-0.0 size=  826880KiB time=00:18:13.86 bitrate=6192.5kbits/s speed=7.73x elapsed=0:02:21.52    frame=32926 fps=232 q=-0.0 size=  829696KiB time=00:18:17.86 bitrate=6191.0kbits/s speed=7.73x elapsed=0:02:22.03    frame=33046 fps=232 q=-0.0 size=  832768KiB time=00:18:21.86 bitrate=6191.3kbits/s speed=7.73x elapsed=0:02:22.53    frame=33163 fps=232 q=-0.0 size=  835840KiB time=00:18:25.76 bitrate=6192.3kbits/s speed=7.73x elapsed=0:02:23.04    frame=33280 fps=232 q=-0.0 size=  838912KiB time=00:18:29.66 bitrate=6193.2kbits/s speed=7.73x elapsed=0:02:23.54    frame=33398 fps=232 q=-0.0 size=  841984KiB time=00:18:33.60 bitrate=6193.9kbits/s speed=7.73x elapsed=0:02:24.04    frame=33515 fps=232 q=-0.0 size=  845056KiB time=00:18:37.50 bitrate=6194.8kbits/s speed=7.73x elapsed=0:02:24.55    frame=33632 fps=232 q=-0.0 size=  847872KiB time=00:18:41.40 bitrate=6193.8kbits/s speed=7.73x elapsed=0:02:25.05    frame=33749 fps=232 q=-0.0 size=  850944KiB time=00:18:45.30 bitrate=6194.7kbits/s speed=7.73x elapsed=0:02:25.55    frame=33867 fps=232 q=-0.0 size=  854016KiB time=00:18:49.23 bitrate=6195.4kbits/s speed=7.73x elapsed=0:02:26.06    frame=33984 fps=232 q=-0.0 size=  857088KiB time=00:18:53.13 bitrate=6196.3kbits/s speed=7.73x elapsed=0:02:26.56    frame=34102 fps=232 q=-0.0 size=  860160KiB time=00:18:57.06 bitrate=6197.0kbits/s speed=7.73x elapsed=0:02:27.07    frame=34219 fps=232 q=-0.0 size=  862976KiB time=00:19:00.96 bitrate=6196.1kbits/s speed=7.73x elapsed=0:02:27.57    frame=34336 fps=232 q=-0.0 size=  866048KiB time=00:19:04.86 bitrate=6196.9kbits/s speed=7.73x elapsed=0:02:28.07    frame=34454 fps=232 q=-0.0 size=  868864KiB time=00:19:08.80 bitrate=6195.8kbits/s speed=7.73x elapsed=0:02:28.58    frame=34571 fps=232 q=-0.0 size=  871936KiB time=00:19:12.70 bitrate=6196.7kbits/s speed=7.73x elapsed=0:02:29.08    frame=34689 fps=232 q=-0.0 size=  874752KiB time=00:19:16.63 bitrate=6195.5kbits/s speed=7.73x elapsed=0:02:29.58    frame=34805 fps=232 q=-0.0 size=  877824KiB time=00:19:20.50 bitrate=6196.6kbits/s speed=7.73x elapsed=0:02:30.08    frame=34908 fps=232 q=-0.0 size=  880384KiB time=00:19:23.93 bitrate=6196.3kbits/s speed=7.73x elapsed=0:02:30.59    frame=35023 fps=232 q=-0.0 size=  883200KiB time=00:19:27.76 bitrate=6195.7kbits/s speed=7.73x elapsed=0:02:31.09    frame=35140 fps=232 q=-0.0 size=  886016KiB time=00:19:31.66 bitrate=6194.8kbits/s speed=7.73x elapsed=0:02:31.59    frame=35257 fps=232 q=-0.0 size=  888832KiB time=00:19:35.56 bitrate=6193.9kbits/s speed=7.73x elapsed=0:02:32.09    frame=35357 fps=232 q=-0.0 size=  891136KiB time=00:19:38.90 bitrate=6192.4kbits/s speed=7.72x elapsed=0:02:32.61    frame=35367 fps=231 q=-0.0 size=  891392KiB time=00:19:39.23 bitrate=6192.4kbits/s speed= 7.7x elapsed=0:02:33.11    frame=35425 fps=231 q=-0.0 size=  892928KiB time=00:19:41.16 bitrate=6192.9kbits/s speed=7.69x elapsed=0:02:33.62    frame=35478 fps=230 q=-0.0 size=  894208KiB time=00:19:42.93 bitrate=6192.5kbits/s speed=7.67x elapsed=0:02:34.12    frame=35572 fps=230 q=-0.0 size=  896512KiB time=00:19:46.06 bitrate=6192.1kbits/s speed=7.67x elapsed=0:02:34.65    frame=35681 fps=230 q=-0.0 size=  899328KiB time=00:19:49.70 bitrate=6192.6kbits/s speed=7.67x elapsed=0:02:35.18    frame=35785 fps=230 q=-0.0 size=  901888KiB time=00:19:53.16 bitrate=6192.1kbits/s speed=7.66x elapsed=0:02:35.69    frame=35888 fps=230 q=-0.0 size=  904448KiB time=00:19:56.60 bitrate=6191.9kbits/s speed=7.66x elapsed=0:02:36.20    frame=35997 fps=230 q=-0.0 size=  907264KiB time=00:20:00.23 bitrate=6192.4kbits/s speed=7.66x elapsed=0:02:36.70    frame=36112 fps=230 q=-0.0 size=  910336KiB time=00:20:04.06 bitrate=6193.6kbits/s speed=7.66x elapsed=0:02:37.20    frame=36230 fps=230 q=-0.0 size=  913152KiB time=00:20:08.00 bitrate=6192.5kbits/s speed=7.66x elapsed=0:02:37.71    frame=36348 fps=230 q=-0.0 size=  915968KiB time=00:20:11.93 bitrate=6191.4kbits/s speed=7.66x elapsed=0:02:38.21    frame=36465 fps=230 q=-0.0 size=  918784KiB time=00:20:15.83 bitrate=6190.6kbits/s speed=7.66x elapsed=0:02:38.72    frame=36563 fps=230 q=-0.0 size=  921088KiB time=00:20:19.10 bitrate=6189.4kbits/s speed=7.66x elapsed=0:02:39.23    frame=36637 fps=229 q=-0.0 size=  923136KiB time=00:20:21.56 bitrate=6190.7kbits/s speed=7.65x elapsed=0:02:39.74    frame=36749 fps=229 q=-0.0 size=  925952KiB time=00:20:25.30 bitrate=6190.6kbits/s speed=7.65x elapsed=0:02:40.25    frame=36867 fps=229 q=-0.0 size=  929024KiB time=00:20:29.23 bitrate=6191.3kbits/s speed=7.65x elapsed=0:02:40.75    frame=36984 fps=229 q=-0.0 size=  931840KiB time=00:20:33.13 bitrate=6190.4kbits/s speed=7.65x elapsed=0:02:41.26    frame=37100 fps=229 q=-0.0 size=  934912KiB time=00:20:37.00 bitrate=6191.4kbits/s speed=7.65x elapsed=0:02:41.76    frame=37216 fps=229 q=-0.0 size=  937728KiB time=00:20:40.86 bitrate=6190.7kbits/s speed=7.65x elapsed=0:02:42.26    frame=37332 fps=229 q=-0.0 size=  940544KiB time=00:20:44.73 bitrate=6190.0kbits/s speed=7.65x elapsed=0:02:42.76    frame=37449 fps=229 q=-0.0 size=  943616KiB time=00:20:48.63 bitrate=6190.9kbits/s speed=7.65x elapsed=0:02:43.27    frame=37567 fps=229 q=-0.0 size=  946688KiB time=00:20:52.56 bitrate=6191.5kbits/s speed=7.65x elapsed=0:02:43.77    frame=37680 fps=229 q=-0.0 size=  949504KiB time=00:20:56.33 bitrate=6191.3kbits/s speed=7.65x elapsed=0:02:44.31    frame=37795 fps=229 q=-0.0 size=  952576KiB time=00:21:00.16 bitrate=6192.4kbits/s speed=7.65x elapsed=0:02:44.81    frame=37913 fps=229 q=-0.0 size=  955648KiB time=00:21:04.10 bitrate=6193.1kbits/s speed=7.65x elapsed=0:02:45.32    frame=38031 fps=229 q=-0.0 size=  958464KiB time=00:21:08.03 bitrate=6192.1kbits/s speed=7.65x elapsed=0:02:45.82    frame=38148 fps=229 q=-0.0 size=  961536KiB time=00:21:11.93 bitrate=6192.9kbits/s speed=7.65x elapsed=0:02:46.33    frame=38264 fps=229 q=-0.0 size=  964352KiB time=00:21:15.80 bitrate=6192.2kbits/s speed=7.65x elapsed=0:02:46.83    frame=38382 fps=229 q=-0.0 size=  967424KiB time=00:21:19.73 bitrate=6192.8kbits/s speed=7.65x elapsed=0:02:47.33    frame=38500 fps=229 q=-0.0 size=  970496KiB time=00:21:23.66 bitrate=6193.4kbits/s speed=7.65x elapsed=0:02:47.84    frame=38617 fps=229 q=-0.0 size=  973312KiB time=00:21:27.56 bitrate=6192.6kbits/s speed=7.65x elapsed=0:02:48.34    frame=38734 fps=229 q=-0.0 size=  976128KiB time=00:21:31.46 bitrate=6191.8kbits/s speed=7.65x elapsed=0:02:48.84    frame=38851 fps=229 q=-0.0 size=  978944KiB time=00:21:35.36 bitrate=6190.9kbits/s speed=7.65x elapsed=0:02:49.35    frame=38940 fps=229 q=-0.0 size=  980992KiB time=00:21:38.33 bitrate=6189.7kbits/s speed=7.64x elapsed=0:02:49.85    frame=39054 fps=229 q=-0.0 size=  984064KiB time=00:21:42.13 bitrate=6191.0kbits/s speed=7.64x elapsed=0:02:50.35    frame=39172 fps=229 q=-0.0 size=  987136KiB time=00:21:46.06 bitrate=6191.6kbits/s speed=7.64x elapsed=0:02:50.86    frame=39289 fps=229 q=-0.0 size=  989952KiB time=00:21:49.96 bitrate=6190.8kbits/s speed=7.64x elapsed=0:02:51.36    frame=39407 fps=229 q=-0.0 size=  992768KiB time=00:21:53.90 bitrate=6189.8kbits/s speed=7.64x elapsed=0:02:51.87    frame=39509 fps=229 q=-0.0 size=  995584KiB time=00:21:57.30 bitrate=6191.3kbits/s speed=7.64x elapsed=0:02:52.37    frame=39605 fps=229 q=-0.0 size=  997888KiB time=00:22:00.50 bitrate=6190.6kbits/s speed=7.64x elapsed=0:02:52.88    frame=39722 fps=229 q=-0.0 size= 1000960KiB time=00:22:04.40 bitrate=6191.4kbits/s speed=7.64x elapsed=0:02:53.38    frame=39840 fps=229 q=-0.0 size= 1003776KiB time=00:22:08.33 bitrate=6190.4kbits/s speed=7.64x elapsed=0:02:53.88    frame=39958 fps=229 q=-0.0 size= 1006848KiB time=00:22:12.26 bitrate=6191.0kbits/s speed=7.64x elapsed=0:02:54.39    frame=40075 fps=229 q=-0.0 size= 1009920KiB time=00:22:16.16 bitrate=6191.8kbits/s speed=7.64x elapsed=0:02:54.89    frame=40192 fps=229 q=-0.0 size= 1012736KiB time=00:22:20.06 bitrate=6191.0kbits/s speed=7.64x elapsed=0:02:55.40    frame=40310 fps=229 q=-0.0 size= 1015552KiB time=00:22:24.00 bitrate=6190.0kbits/s speed=7.64x elapsed=0:02:55.90    frame=40427 fps=229 q=-0.0 size= 1018368KiB time=00:22:27.90 bitrate=6189.2kbits/s speed=7.64x elapsed=0:02:56.40    frame=40544 fps=229 q=-0.0 size= 1021184KiB time=00:22:31.80 bitrate=6188.4kbits/s speed=7.64x elapsed=0:02:56.90    frame=40661 fps=229 q=-0.0 size= 1024512KiB time=00:22:35.70 bitrate=6190.8kbits/s speed=7.64x elapsed=0:02:57.40    frame=40778 fps=229 q=-0.0 size= 1027584KiB time=00:22:39.60 bitrate=6191.5kbits/s speed=7.64x elapsed=0:02:57.91    frame=40889 fps=229 q=-0.0 size= 1030400KiB time=00:22:43.30 bitrate=6191.6kbits/s speed=7.64x elapsed=0:02:58.44    frame=40996 fps=229 q=-0.0 size= 1033216KiB time=00:22:46.86 bitrate=6192.3kbits/s speed=7.64x elapsed=0:02:58.94    frame=41112 fps=229 q=-0.0 size= 1036288KiB time=00:22:50.73 bitrate=6193.2kbits/s speed=7.64x elapsed=0:02:59.44    frame=41229 fps=229 q=-0.0 size= 1039360KiB time=00:22:54.63 bitrate=6194.0kbits/s speed=7.64x elapsed=0:02:59.95    frame=41347 fps=229 q=-0.0 size= 1042432KiB time=00:22:58.56 bitrate=6194.6kbits/s speed=7.64x elapsed=0:03:00.45    frame=41463 fps=229 q=-0.0 size= 1045760KiB time=00:23:02.43 bitrate=6196.9kbits/s speed=7.64x elapsed=0:03:00.95    frame=41580 fps=229 q=-0.0 size= 1049088KiB time=00:23:06.33 bitrate=6199.2kbits/s speed=7.64x elapsed=0:03:01.46    frame=41698 fps=229 q=-0.0 size= 1052672KiB time=00:23:10.26 bitrate=6202.8kbits/s speed=7.64x elapsed=0:03:01.96    frame=41814 fps=229 q=-0.0 size= 1055488KiB time=00:23:14.13 bitrate=6202.1kbits/s speed=7.64x elapsed=0:03:02.47    frame=41932 fps=229 q=-0.0 size= 1059072KiB time=00:23:18.06 bitrate=6205.7kbits/s speed=7.64x elapsed=0:03:02.97    frame=42049 fps=229 q=-0.0 size= 1062400KiB time=00:23:21.96 bitrate=6207.8kbits/s speed=7.64x elapsed=0:03:03.47    frame=42166 fps=229 q=-0.0 size= 1065216KiB time=00:23:25.86 bitrate=6207.0kbits/s speed=7.64x elapsed=0:03:03.98    frame=42283 fps=229 q=-0.0 size= 1068288KiB time=00:23:29.76 bitrate=6207.7kbits/s speed=7.64x elapsed=0:03:04.48    frame=42401 fps=229 q=-0.0 size= 1071104KiB time=00:23:33.70 bitrate=6206.8kbits/s speed=7.64x elapsed=0:03:04.99    frame=42518 fps=229 q=-0.0 size= 1073920KiB time=00:23:37.60 bitrate=6205.9kbits/s speed=7.64x elapsed=0:03:05.49    frame=42635 fps=229 q=-0.0 size= 1076736KiB time=00:23:41.50 bitrate=6205.2kbits/s speed=7.64x elapsed=0:03:06.00    frame=42751 fps=229 q=-0.0 size= 1079808KiB time=00:23:45.36 bitrate=6206.0kbits/s speed=7.64x elapsed=0:03:06.50    frame=42868 fps=229 q=-0.0 size= 1082880KiB time=00:23:49.26 bitrate=6206.6kbits/s speed=7.64x elapsed=0:03:07.00    frame=42984 fps=229 q=-0.0 size= 1085952KiB time=00:23:53.13 bitrate=6207.5kbits/s speed=7.64x elapsed=0:03:07.51    frame=43103 fps=229 q=-0.0 size= 1089280KiB time=00:23:57.10 bitrate=6209.3kbits/s speed=7.64x elapsed=0:03:08.01    frame=43220 fps=229 q=-0.0 size= 1092352KiB time=00:24:01.00 bitrate=6210.0kbits/s speed=7.64x elapsed=0:03:08.52    frame=43338 fps=229 q=-0.0 size= 1095424KiB time=00:24:04.93 bitrate=6210.5kbits/s speed=7.64x elapsed=0:03:09.02    frame=43455 fps=229 q=-0.0 size= 1098240KiB time=00:24:08.83 bitrate=6209.7kbits/s speed=7.64x elapsed=0:03:09.53    frame=43572 fps=229 q=-0.0 size= 1101568KiB time=00:24:12.73 bitrate=6211.8kbits/s speed=7.64x elapsed=0:03:10.03    frame=43688 fps=229 q=-0.0 size= 1104640KiB time=00:24:16.60 bitrate=6212.6kbits/s speed=7.64x elapsed=0:03:10.53    frame=43805 fps=229 q=-0.0 size= 1107968KiB time=00:24:20.50 bitrate=6214.6kbits/s speed=7.64x elapsed=0:03:11.04    frame=43922 fps=229 q=-0.0 size= 1111040KiB time=00:24:24.40 bitrate=6215.3kbits/s speed=7.65x elapsed=0:03:11.54    frame=44038 fps=229 q=-0.0 size= 1113856KiB time=00:24:28.26 bitrate=6214.6kbits/s speed=7.65x elapsed=0:03:12.04    frame=44155 fps=229 q=-0.0 size= 1116928KiB time=00:24:32.16 bitrate=6215.2kbits/s speed=7.65x elapsed=0:03:12.55    frame=44272 fps=229 q=-0.0 size= 1120000KiB time=00:24:36.06 bitrate=6215.9kbits/s speed=7.65x elapsed=0:03:13.05    frame=44389 fps=229 q=-0.0 size= 1122816KiB time=00:24:39.96 bitrate=6215.1kbits/s speed=7.65x elapsed=0:03:13.55    frame=44498 fps=229 q=-0.0 size= 1125120KiB time=00:24:43.60 bitrate=6212.6kbits/s speed=7.65x elapsed=0:03:14.06    frame=44615 fps=229 q=-0.0 size= 1127680KiB time=00:24:47.50 bitrate=6210.4kbits/s speed=7.65x elapsed=0:03:14.56    frame=44731 fps=229 q=-0.0 size= 1130496KiB time=00:24:51.36 bitrate=6209.8kbits/s speed=7.65x elapsed=0:03:15.06    frame=44849 fps=229 q=-0.0 size= 1133056KiB time=00:24:55.30 bitrate=6207.4kbits/s speed=7.65x elapsed=0:03:15.56    frame=44966 fps=229 q=-0.0 size= 1135872KiB time=00:24:59.20 bitrate=6206.7kbits/s speed=7.65x elapsed=0:03:16.07    frame=45084 fps=229 q=-0.0 size= 1139200KiB time=00:25:03.13 bitrate=6208.6kbits/s speed=7.65x elapsed=0:03:16.57    frame=45201 fps=229 q=-0.0 size= 1142272KiB time=00:25:07.03 bitrate=6209.2kbits/s speed=7.65x elapsed=0:03:17.08    frame=45291 fps=229 q=-0.0 size= 1144832KiB time=00:25:10.03 bitrate=6210.8kbits/s speed=7.64x elapsed=0:03:17.59    frame=45413 fps=229 q=-0.0 size= 1147648KiB time=00:25:14.10 bitrate=6209.3kbits/s speed=7.64x elapsed=0:03:18.10    frame=45530 fps=229 q=-0.0 size= 1151232KiB time=00:25:18.00 bitrate=6212.7kbits/s speed=7.64x elapsed=0:03:18.60    frame=45623 fps=229 q=-0.0 size= 1153536KiB time=00:25:21.10 bitrate=6212.5kbits/s speed=7.64x elapsed=0:03:19.10    frame=45740 fps=229 q=-0.0 size= 1156608KiB time=00:25:25.00 bitrate=6213.1kbits/s speed=7.64x elapsed=0:03:19.60    frame=45856 fps=229 q=-0.0 size= 1159424KiB time=00:25:28.86 bitrate=6212.4kbits/s speed=7.64x elapsed=0:03:20.10    frame=45973 fps=229 q=-0.0 size= 1162240KiB time=00:25:32.76 bitrate=6211.7kbits/s speed=7.64x elapsed=0:03:20.60    frame=46091 fps=229 q=-0.0 size= 1165312KiB time=00:25:36.70 bitrate=6212.2kbits/s speed=7.64x elapsed=0:03:21.11    frame=46207 fps=229 q=-0.0 size= 1168384KiB time=00:25:40.56 bitrate=6212.9kbits/s speed=7.64x elapsed=0:03:21.61    frame=46324 fps=229 q=-0.0 size= 1171456KiB time=00:25:44.46 bitrate=6213.5kbits/s speed=7.64x elapsed=0:03:22.12    frame=46442 fps=229 q=-0.0 size= 1174272KiB time=00:25:48.50 bitrate=6212.2kbits/s speed=7.64x elapsed=0:03:22.62    frame=46559 fps=229 q=-0.0 size= 1176320KiB time=00:25:52.40 bitrate=6207.4kbits/s speed=7.64x elapsed=0:03:23.12    frame=46677 fps=229 q=-0.0 size= 1178624KiB time=00:25:56.33 bitrate=6203.9kbits/s speed=7.64x elapsed=0:03:23.62    frame=46794 fps=229 q=-0.0 size= 1181696KiB time=00:26:00.23 bitrate=6204.5kbits/s speed=7.64x elapsed=0:03:24.13    frame=46911 fps=229 q=-0.0 size= 1184256KiB time=00:26:04.13 bitrate=6202.4kbits/s speed=7.64x elapsed=0:03:24.63    frame=47030 fps=229 q=-0.0 size= 1186560KiB time=00:26:08.10 bitrate=6198.8kbits/s speed=7.64x elapsed=0:03:25.13    frame=47148 fps=229 q=-0.0 size= 1188608KiB time=00:26:12.03 bitrate=6193.9kbits/s speed=7.64x elapsed=0:03:25.64    frame=47266 fps=229 q=-0.0 size= 1190912KiB time=00:26:15.96 bitrate=6190.5kbits/s speed=7.64x elapsed=0:03:26.14    frame=47384 fps=229 q=-0.0 size= 1193216KiB time=00:26:19.90 bitrate=6187.0kbits/s speed=7.65x elapsed=0:03:26.65    frame=47502 fps=229 q=-0.0 size= 1196288KiB time=00:26:23.83 bitrate=6187.5kbits/s speed=7.65x elapsed=0:03:27.15    frame=47601 fps=229 q=-0.0 size= 1198848KiB time=00:26:27.13 bitrate=6187.9kbits/s speed=7.64x elapsed=0:03:27.66    frame=47717 fps=229 q=-0.0 size= 1201408KiB time=00:26:31.00 bitrate=6186.0kbits/s speed=7.64x elapsed=0:03:28.16    frame=47834 fps=229 q=-0.0 size= 1204480KiB time=00:26:34.90 bitrate=6186.7kbits/s speed=7.64x elapsed=0:03:28.66    frame=47945 fps=229 q=-0.0 size= 1207296KiB time=00:26:38.60 bitrate=6186.8kbits/s speed=7.64x elapsed=0:03:29.17    frame=48060 fps=229 q=-0.0 size= 1210624KiB time=00:26:42.46 bitrate=6188.9kbits/s speed=7.64x elapsed=0:03:29.71    frame=48165 fps=229 q=-0.0 size= 1213184KiB time=00:26:45.93 bitrate=6188.6kbits/s speed=7.64x elapsed=0:03:30.22    frame=48283 fps=229 q=-0.0 size= 1216000KiB time=00:26:49.86 bitrate=6187.8kbits/s speed=7.64x elapsed=0:03:30.72    frame=48401 fps=229 q=-0.0 size= 1218816KiB time=00:26:53.80 bitrate=6187.0kbits/s speed=7.64x elapsed=0:03:31.23    frame=48519 fps=229 q=-0.0 size= 1221632KiB time=00:26:57.73 bitrate=6186.2kbits/s speed=7.64x elapsed=0:03:31.73    frame=48636 fps=229 q=-0.0 size= 1224704KiB time=00:27:01.63 bitrate=6186.8kbits/s speed=7.64x elapsed=0:03:32.24    frame=48753 fps=229 q=-0.0 size= 1227264KiB time=00:27:05.53 bitrate=6184.9kbits/s speed=7.64x elapsed=0:03:32.74    frame=48866 fps=229 q=-0.0 size= 1230080KiB time=00:27:09.30 bitrate=6184.8kbits/s speed=7.64x elapsed=0:03:33.24    frame=48984 fps=229 q=-0.0 size= 1233152KiB time=00:27:13.23 bitrate=6185.3kbits/s speed=7.64x elapsed=0:03:33.74    frame=49101 fps=229 q=-0.0 size= 1236480KiB time=00:27:17.13 bitrate=6187.2kbits/s speed=7.64x elapsed=0:03:34.24    frame=49220 fps=229 q=-0.0 size= 1239552KiB time=00:27:21.10 bitrate=6187.6kbits/s speed=7.64x elapsed=0:03:34.75    frame=49334 fps=229 q=-0.0 size= 1243136KiB time=00:27:24.90 bitrate=6191.1kbits/s speed=7.64x elapsed=0:03:35.25    frame=49431 fps=229 q=-0.0 size= 1245696KiB time=00:27:28.13 bitrate=6191.7kbits/s speed=7.64x elapsed=0:03:35.78    frame=49553 fps=229 q=-0.0 size= 1249024KiB time=00:27:32.20 bitrate=6193.0kbits/s speed=7.64x elapsed=0:03:36.28    frame=49670 fps=229 q=-0.0 size= 1251328KiB time=00:27:36.10 bitrate=6189.8kbits/s speed=7.64x elapsed=0:03:36.78    frame=49788 fps=229 q=-0.0 size= 1254144KiB time=00:27:40.03 bitrate=6189.0kbits/s speed=7.64x elapsed=0:03:37.29    frame=49906 fps=229 q=-0.0 size= 1256960KiB time=00:27:43.96 bitrate=6188.2kbits/s speed=7.64x elapsed=0:03:37.79    frame=50024 fps=229 q=-0.0 size= 1260032KiB time=00:27:47.90 bitrate=6188.7kbits/s speed=7.64x elapsed=0:03:38.30    frame=50141 fps=229 q=-0.0 size= 1263104KiB time=00:27:51.80 bitrate=6189.3kbits/s speed=7.64x elapsed=0:03:38.80    frame=50258 fps=229 q=-0.0 size= 1265664KiB time=00:27:55.70 bitrate=6187.5kbits/s speed=7.64x elapsed=0:03:39.30    frame=50375 fps=229 q=-0.0 size= 1268736KiB time=00:27:59.60 bitrate=6188.1kbits/s speed=7.64x elapsed=0:03:39.80    frame=50493 fps=229 q=-0.0 size= 1271808KiB time=00:28:03.53 bitrate=6188.6kbits/s speed=7.64x elapsed=0:03:40.31    frame=50610 fps=229 q=-0.0 size= 1274624KiB time=00:28:07.43 bitrate=6187.9kbits/s speed=7.64x elapsed=0:03:40.81    frame=50727 fps=229 q=-0.0 size= 1277952KiB time=00:28:11.33 bitrate=6189.8kbits/s speed=7.64x elapsed=0:03:41.31    frame=50844 fps=229 q=-0.0 size= 1281280KiB time=00:28:15.23 bitrate=6191.6kbits/s speed=7.64x elapsed=0:03:41.81    frame=50962 fps=229 q=-0.0 size= 1283840KiB time=00:28:19.16 bitrate=6189.6kbits/s speed=7.64x elapsed=0:03:42.32    frame=51080 fps=229 q=-0.0 size= 1286656KiB time=00:28:23.10 bitrate=6188.9kbits/s speed=7.64x elapsed=0:03:42.82    frame=51197 fps=229 q=-0.0 size= 1289472KiB time=00:28:27.00 bitrate=6188.3kbits/s speed=7.64x elapsed=0:03:43.32    frame=51314 fps=229 q=-0.0 size= 1292544KiB time=00:28:30.90 bitrate=6188.9kbits/s speed=7.64x elapsed=0:03:43.83    frame=51431 fps=229 q=-0.0 size= 1295360KiB time=00:28:34.80 bitrate=6188.2kbits/s speed=7.64x elapsed=0:03:44.33    frame=51548 fps=229 q=-0.0 size= 1298432KiB time=00:28:38.70 bitrate=6188.8kbits/s speed=7.64x elapsed=0:03:44.83    frame=51665 fps=229 q=-0.0 size= 1301248KiB time=00:28:42.60 bitrate=6188.2kbits/s speed=7.64x elapsed=0:03:45.33    frame=51783 fps=229 q=-0.0 size= 1304320KiB time=00:28:46.53 bitrate=6188.7kbits/s speed=7.64x elapsed=0:03:45.84    frame=51900 fps=229 q=-0.0 size= 1307392KiB time=00:28:50.43 bitrate=6189.3kbits/s speed=7.65x elapsed=0:03:46.34    frame=52017 fps=229 q=-0.0 size= 1310464KiB time=00:28:54.33 bitrate=6189.9kbits/s speed=7.65x elapsed=0:03:46.84    frame=52135 fps=229 q=-0.0 size= 1313536KiB time=00:28:58.26 bitrate=6190.4kbits/s speed=7.65x elapsed=0:03:47.35    frame=52252 fps=229 q=-0.0 size= 1316608KiB time=00:29:02.16 bitrate=6190.9kbits/s speed=7.65x elapsed=0:03:47.85    frame=52369 fps=229 q=-0.0 size= 1319424KiB time=00:29:06.06 bitrate=6190.3kbits/s speed=7.65x elapsed=0:03:48.35    frame=52486 fps=229 q=-0.0 size= 1322752KiB time=00:29:09.96 bitrate=6192.1kbits/s speed=7.65x elapsed=0:03:48.85    frame=52603 fps=229 q=-0.0 size= 1325824KiB time=00:29:13.86 bitrate=6192.7kbits/s speed=7.65x elapsed=0:03:49.36    frame=52720 fps=229 q=-0.0 size= 1329152KiB time=00:29:17.76 bitrate=6194.5kbits/s speed=7.65x elapsed=0:03:49.86    frame=52816 fps=229 q=-0.0 size= 1331456KiB time=00:29:20.96 bitrate=6193.9kbits/s speed=7.64x elapsed=0:03:50.36    frame=52932 fps=229 q=-0.0 size= 1334528KiB time=00:29:24.83 bitrate=6194.6kbits/s speed=7.64x elapsed=0:03:50.87    frame=53049 fps=229 q=-0.0 size= 1337600KiB time=00:29:28.73 bitrate=6195.2kbits/s speed=7.64x elapsed=0:03:51.37    frame=53166 fps=229 q=-0.0 size= 1340672KiB time=00:29:32.63 bitrate=6195.7kbits/s speed=7.64x elapsed=0:03:51.87    [mp4 @ 0x12b614530] Starting second pass: moving the moov atom to the beginning of the file
[out#0/mp4 @ 0x12b612f60] video:1300947KiB audio:41538KiB subtitle:0KiB other streams:0KiB global headers:0KiB muxing overhead: 0.112821%
frame=53271 fps=228 q=-0.0 Lsize= 1343999KiB time=00:29:36.13 bitrate=6198.9kbits/s speed= 7.6x elapsed=0:03:53.81    
[aac @ 0x12c4123b0] Qavg: 4845.462
Compiling 9 videos -> compilation_2026-07-20_1810.mp4
  1. polo_man404_2077949789837111296_PoloMan - If Studs wanna act like men their azzes gonna get .mp4
  2. omoelerinjare1_2079200500738899968_NOLLY - New to the neighborhood and already trying to be HOA.mp4
  3. Angrycomicgirl_2079078704110596096_Angrycomicgirl - Not all hero’s wear capes 🫡.mp4
  4. rizzolosophy_2079215895717507072_The Rizz Bible - Don't let this happen to you. You're suppos.mp4
  5. Daveay7_2079156994741555200_DaveAY - Kevin Samuel said ＂Winter is coming＂.mp4
  6. Daveay7_2079176754871087104_DaveAY - More reasons men don't want to approach..mp4
  7. susylicious2023_2079254965273477121_Susan Abel - My wife left me for an ＂alpha male＂. !..now she.mp4
  8. susylicious2023_2078463070091784193_Susan Abel - I caught my serious girlfriend trying to baby t.mp4
  9. Cat5SMASHICANE_2078831224911486976_Johnny B. Good - How about a good laugh for the morning？ Fam.mp4
Done: /Users/kwasiyeboah/scrapper/downloads/compilation_2026-07-20_1810.mp4 (1376 MB)
