2026-07-20 18:07:23,725 INFO === Run started: 9 URL(s) ===
2026-07-20 18:07:23,725 INFO START https://x.com/polo_man404/status/2077960811314626848
2026-07-20 18:07:28,908 DEBUG yt-dlp: __DONE__ 2077949789837111296 | polo_man404 | PoloMan - If Studs wanna act like men their azzes gonna get treated like men. L... | /Users/kwasiyeboah/scrapper/downloads/twitter/polo_man404_2077949789837111296_PoloMan - If Studs wanna act like men their azzes gonna get .mp4
2026-07-20 18:07:28,908 INFO DONE https://x.com/polo_man404/status/2077960811314626848 (1 file(s))
2026-07-20 18:07:28,911 INFO START https://x.com/omoelerinjare1/status/2079200808701394982
2026-07-20 18:07:36,428 DEBUG yt-dlp: __DONE__ 2079200500738899968 | omoelerinjare1 | NOLLY - New to the neighborhood and already trying to be HOA President😂 | /Users/kwasiyeboah/scrapper/downloads/twitter/omoelerinjare1_2079200500738899968_NOLLY - New to the neighborhood and already trying to be HOA.mp4
2026-07-20 18:07:36,428 INFO DONE https://x.com/omoelerinjare1/status/2079200808701394982 (1 file(s))
2026-07-20 18:07:36,429 INFO START https://x.com/angrycomicgirl/status/2079078793507987730
2026-07-20 18:07:39,591 DEBUG yt-dlp: __DONE__ 2079078704110596096 | Angrycomicgirl | Angrycomicgirl - Not all hero’s wear capes 🫡 | /Users/kwasiyeboah/scrapper/downloads/twitter/Angrycomicgirl_2079078704110596096_Angrycomicgirl - Not all hero’s wear capes 🫡.mp4
2026-07-20 18:07:39,591 INFO DONE https://x.com/angrycomicgirl/status/2079078793507987730 (1 file(s))
2026-07-20 18:07:39,591 INFO START https://x.com/rizzolosophy/status/2079230097803141195
2026-07-20 18:07:42,797 DEBUG yt-dlp: __DONE__ 2079215895717507072 | rizzolosophy | The Rizz Bible - Don't let this happen to you. You're suppose to disengage as soon as ... | /Users/kwasiyeboah/scrapper/downloads/twitter/rizzolosophy_2079215895717507072_The Rizz Bible - Don't let this happen to you. You're suppos.mp4
2026-07-20 18:07:42,798 INFO DONE https://x.com/rizzolosophy/status/2079230097803141195 (1 file(s))
2026-07-20 18:07:42,798 INFO START https://x.com/daveay7/status/2079157229974892826
2026-07-20 18:07:51,282 DEBUG yt-dlp: __DONE__ 2079156994741555200 | Daveay7 | DaveAY - Kevin Samuel said "Winter is coming" | /Users/kwasiyeboah/scrapper/downloads/twitter/Daveay7_2079156994741555200_DaveAY - Kevin Samuel said ＂Winter is coming＂.mp4
2026-07-20 18:07:51,282 INFO DONE https://x.com/daveay7/status/2079157229974892826 (1 file(s))
2026-07-20 18:07:51,282 INFO START https://x.com/daveay7/status/2079176965454442780
2026-07-20 18:07:55,338 DEBUG yt-dlp: __DONE__ 2079176754871087104 | Daveay7 | DaveAY - More reasons men don't want to approach. | /Users/kwasiyeboah/scrapper/downloads/twitter/Daveay7_2079176754871087104_DaveAY - More reasons men don't want to approach..mp4
2026-07-20 18:07:55,338 INFO DONE https://x.com/daveay7/status/2079176965454442780 (1 file(s))
2026-07-20 18:07:55,338 INFO START https://x.com/susylicious2023/status/2079255519022215551
2026-07-20 18:08:03,751 DEBUG yt-dlp: __DONE__ 2079254965273477121 | susylicious2023 | Susan Abel - My wife left me for an "alpha male". !..now she wants me back! | /Users/kwasiyeboah/scrapper/downloads/twitter/susylicious2023_2079254965273477121_Susan Abel - My wife left me for an ＂alpha male＂. !..now she.mp4
2026-07-20 18:08:03,751 INFO DONE https://x.com/susylicious2023/status/2079255519022215551 (1 file(s))
2026-07-20 18:08:03,752 INFO START https://x.com/susylicious2023/status/2078463350250295600
2026-07-20 18:08:08,411 DEBUG yt-dlp: __DONE__ 2078463070091784193 | susylicious2023 | Susan Abel - I caught my serious girlfriend trying to baby trap me | /Users/kwasiyeboah/scrapper/downloads/twitter/susylicious2023_2078463070091784193_Susan Abel - I caught my serious girlfriend trying to baby t.mp4
2026-07-20 18:08:08,411 INFO DONE https://x.com/susylicious2023/status/2078463350250295600 (1 file(s))
2026-07-20 18:08:08,411 INFO START https://x.com/cat5smashicane/status/2078831310215262503
2026-07-20 18:08:13,352 DEBUG yt-dlp: __DONE__ 2078831224911486976 | Cat5SMASHICANE | Johnny B. Good - How about a good laugh for the morning? Family Fued never disappoints... | /Users/kwasiyeboah/scrapper/downloads/twitter/Cat5SMASHICANE_2078831224911486976_Johnny B. Good - How about a good laugh for the morning？ Fam.mp4
2026-07-20 18:08:13,352 INFO DONE https://x.com/cat5smashicane/status/2078831310215262503 (1 file(s))
2026-07-20 18:08:13,353 INFO === Run finished: 9 downloaded, 0 skipped, 0 failed ===
